C:\Users\noe_9\Documents\MCUXpressoIDE_11.8.0_1165\workspace\frdmk64f_mbedtls_benchmark\CMSIS/core_cm4.h:1809:22:__NVIC_SetPriority	8	static
C:\Users\noe_9\Documents\MCUXpressoIDE_11.8.0_1165\workspace\frdmk64f_mbedtls_benchmark\CMSIS/core_cm4.h:2017:26:SysTick_Config	16	static
../source/benchmark.c:207:12:myrand	32	static
../source/benchmark.c:245:6:ecp_clear_precomputed	24	static
../source/benchmark.c:261:12:set_ecp_curve	24	static
../source/benchmark.c:299:6:SysTick_Handler	0	static
../source/benchmark.c:304:17:benchmark_mbedtls_timing_hardclock	72	static
../source/benchmark.c:320:13:benchmark_mbedtls_set_alarm	40	static
../source/benchmark.c:326:13:benchmark_mbedtls_poll_alarm	8	static
../source/benchmark.c:334:12:bench_print_features	16	static
../source/benchmark.c:366:5:main	320	static
